#-----------------------------------------------------------
# Vivado v2022.2 (64-bit)
# SW Build 3671981 on Fri Oct 14 05:00:03 MDT 2022
# IP Build 3669848 on Fri Oct 14 08:30:02 MDT 2022
# Start of session at: Mon Apr  8 14:07:54 2024
# Process ID: 4080
# Current directory: D:/Programowanie/SEM_6_SR/Laby/lab5/zad2_tor_wiz_na_zywo/zad1_tor_wiz.runs/hdmi_vga_clk_wiz_0_0_synth_1
# Command line: vivado.exe -log hdmi_vga_clk_wiz_0_0.vds -product Vivado -mode batch -messageDb vivado.pb -notrace -source hdmi_vga_clk_wiz_0_0.tcl
# Log file: D:/Programowanie/SEM_6_SR/Laby/lab5/zad2_tor_wiz_na_zywo/zad1_tor_wiz.runs/hdmi_vga_clk_wiz_0_0_synth_1/hdmi_vga_clk_wiz_0_0.vds
# Journal file: D:/Programowanie/SEM_6_SR/Laby/lab5/zad2_tor_wiz_na_zywo/zad1_tor_wiz.runs/hdmi_vga_clk_wiz_0_0_synth_1\vivado.jou
# Running On: DESKTOP-NDB9QOG, OS: Windows, CPU Frequency: 3294 MHz, CPU Physical cores: 12, Host memory: 14877 MB
#-----------------------------------------------------------
source hdmi_vga_clk_wiz_0_0.tcl -notrace
