#-----------------------------------------------------------
# Vivado v2023.2 (64-bit)
# SW Build 4029153 on Fri Oct 13 20:14:34 MDT 2023
# IP Build 4028589 on Sat Oct 14 00:45:43 MDT 2023
# SharedData Build 4025554 on Tue Oct 10 17:18:54 MDT 2023
# Start of session at: Tue May  7 11:02:45 2024
# Process ID: 1508
# Current directory: C:/Studia/Semestr_6/Systemy_Rekonfigurowalne/zad2_tor_wiz_na_zywo_copy/zad1_tor_wiz.runs/synth_1
# Command line: vivado.exe -log hdmi_vga_wrapper.vds -product Vivado -mode batch -messageDb vivado.pb -notrace -source hdmi_vga_wrapper.tcl
# Log file: C:/Studia/Semestr_6/Systemy_Rekonfigurowalne/zad2_tor_wiz_na_zywo_copy/zad1_tor_wiz.runs/synth_1/hdmi_vga_wrapper.vds
# Journal file: C:/Studia/Semestr_6/Systemy_Rekonfigurowalne/zad2_tor_wiz_na_zywo_copy/zad1_tor_wiz.runs/synth_1\vivado.jou
# Running On: DESKTOP-QB8TK5V, OS: Windows, CPU Frequency: 2112 MHz, CPU Physical cores: 4, Host memory: 34182 MB
#-----------------------------------------------------------
source hdmi_vga_wrapper.tcl -notrace
