#-----------------------------------------------------------
# Vivado v2023.2 (64-bit)
# SW Build 4029153 on Fri Oct 13 20:14:34 MDT 2023
# IP Build 4028589 on Sat Oct 14 00:45:43 MDT 2023
# SharedData Build 4025554 on Tue Oct 10 17:18:54 MDT 2023
# Start of session at: Mon Apr  8 17:21:08 2024
# Process ID: 15104
# Current directory: C:/Studia/Semestr_6/Systemy_Rekonfigurowalne/arytm_proste
# Command line: vivado.exe -gui_launcher_event rodinguilauncherevent14172 C:\Studia\Semestr_6\Systemy_Rekonfigurowalne\arytm_proste\arytm_proste.xpr
# Log file: C:/Studia/Semestr_6/Systemy_Rekonfigurowalne/arytm_proste/vivado.log
# Journal file: C:/Studia/Semestr_6/Systemy_Rekonfigurowalne/arytm_proste\vivado.jou
# Running On: DESKTOP-QB8TK5V, OS: Windows, CPU Frequency: 2112 MHz, CPU Physical cores: 4, Host memory: 34182 MB
#-----------------------------------------------------------
start_gui
open_project C:/Studia/Semestr_6/Systemy_Rekonfigurowalne/arytm_proste/arytm_proste.xpr
upgrade_project -migrate_output_products
update_compile_order -fileset sources_1
launch_simulation
open_project C:/Studia/Semestr_6/Systemy_Rekonfigurowalne/arithemtic/arithemtic.xpr
update_compile_order -fileset sources_1
file mkdir C:/Studia/Semestr_6/Systemy_Rekonfigurowalne/arithemtic/arithemtic.srcs/sim_1/new
set_property SOURCE_SET sources_1 [get_filesets sim_1]
close [ open C:/Studia/Semestr_6/Systemy_Rekonfigurowalne/arithemtic/arithemtic.srcs/sim_1/new/tb_dzialanie.v w ]
add_files -fileset sim_1 C:/Studia/Semestr_6/Systemy_Rekonfigurowalne/arithemtic/arithemtic.srcs/sim_1/new/tb_dzialanie.v
update_compile_order -fileset sim_1
update_compile_order -fileset sim_1
launch_simulation
launch_simulation
source tb_dzialanie.tcl
close_sim
launch_simulation
source tb_dzialanie.tcl
close_sim
launch_simulation
source tb_dzialanie.tcl
close_sim
launch_simulation
source tb_dzialanie.tcl
current_project arytm_proste
launch_simulation
current_project arithemtic
close_sim
launch_simulation
source tb_dzialanie.tcl
close_sim
launch_simulation
source tb_dzialanie.tcl
close_sim
launch_simulation
source tb_dzialanie.tcl
current_project arytm_proste
current_project arithemtic
close_sim
launch_simulation
source tb_dzialanie.tcl
close_sim
launch_simulation
source tb_dzialanie.tcl
close_sim
launch_simulation
source tb_dzialanie.tcl
close_sim
launch_simulation
source tb_dzialanie.tcl
close_sim
launch_simulation
source tb_dzialanie.tcl
close_sim
launch_simulation
source tb_dzialanie.tcl
close_sim
launch_simulation
source tb_dzialanie.tcl
close [ open C:/Studia/Semestr_6/Systemy_Rekonfigurowalne/arithemtic/arithemtic.srcs/sources_1/new/mnozenie.v w ]
add_files C:/Studia/Semestr_6/Systemy_Rekonfigurowalne/arithemtic/arithemtic.srcs/sources_1/new/mnozenie.v
update_compile_order -fileset sources_1
